src/app/modules/appTemplate/appTemplate.module.ts(180,112): error TS2345: Argument of type 'string | undefined' is not assignable to parameter of type 'string'.
  Type 'undefined' is not assignable to type 'string'.
src/app/modules/appTemplate/appTemplate.module.ts(183,127): error TS2345: Argument of type 'string | undefined' is not assignable to parameter of type 'string'.
  Type 'undefined' is not assignable to type 'string'.
src/app/modules/appTemplate/appTemplate.module.ts(184,112): error TS2345: Argument of type 'string | undefined' is not assignable to parameter of type 'string'.
  Type 'undefined' is not assignable to type 'string'.
src/app/modules/appTemplate/appTemplate.module.ts(185,171): error TS2345: Argument of type 'string | undefined' is not assignable to parameter of type 'string'.
  Type 'undefined' is not assignable to type 'string'.
src/app/modules/audio/audio.module.ts(170,106): error TS2345: Argument of type 'string | undefined' is not assignable to parameter of type 'string'.
  Type 'undefined' is not assignable to type 'string'.
src/app/modules/audio/audio.module.ts(173,121): error TS2345: Argument of type 'string | undefined' is not assignable to parameter of type 'string'.
  Type 'undefined' is not assignable to type 'string'.
src/app/modules/audio/audio.module.ts(174,106): error TS2345: Argument of type 'string | undefined' is not assignable to parameter of type 'string'.
  Type 'undefined' is not assignable to type 'string'.
src/app/modules/audio/audio.module.ts(175,165): error TS2345: Argument of type 'string | undefined' is not assignable to parameter of type 'string'.
  Type 'undefined' is not assignable to type 'string'.
src/app/modules/auth/twoFactor.module.ts(26,14): error TS2339: Property 'twoFactorSecret' does not exist on type 'Document<unknown, object, IUser, {}, {}> & Omit<IUser & Required<{ _id: ObjectId; }> & { __v: number; }, keyof IUserMethods> & IUserMethods'.
src/app/modules/auth/twoFactor.module.ts(27,14): error TS2339: Property 'twoFactorExpiry' does not exist on type 'Document<unknown, object, IUser, {}, {}> & Omit<IUser & Required<{ _id: ObjectId; }> & { __v: number; }, keyof IUserMethods> & IUserMethods'.
src/app/modules/auth/twoFactor.module.ts(44,19): error TS2339: Property 'twoFactorSecret' does not exist on type 'Document<unknown, object, IUser, {}, {}> & Omit<IUser & Required<{ _id: ObjectId; }> & { __v: number; }, keyof IUserMethods> & IUserMethods'.
src/app/modules/auth/twoFactor.module.ts(44,44): error TS2339: Property 'twoFactorExpiry' does not exist on type 'Document<unknown, object, IUser, {}, {}> & Omit<IUser & Required<{ _id: ObjectId; }> & { __v: number; }, keyof IUserMethods> & IUserMethods'.
src/app/modules/auth/twoFactor.module.ts(48,31): error TS2339: Property 'twoFactorExpiry' does not exist on type 'Document<unknown, object, IUser, {}, {}> & Omit<IUser & Required<{ _id: ObjectId; }> & { __v: number; }, keyof IUserMethods> & IUserMethods'.
src/app/modules/auth/twoFactor.module.ts(52,18): error TS2339: Property 'twoFactorSecret' does not exist on type 'Document<unknown, object, IUser, {}, {}> & Omit<IUser & Required<{ _id: ObjectId; }> & { __v: number; }, keyof IUserMethods> & IUserMethods'.
src/app/modules/auth/twoFactor.module.ts(56,14): error TS2339: Property 'twoFactorEnabled' does not exist on type 'Document<unknown, object, IUser, {}, {}> & Omit<IUser & Required<{ _id: ObjectId; }> & { __v: number; }, keyof IUserMethods> & IUserMethods'.
src/app/modules/auth/twoFactor.module.ts(57,14): error TS2339: Property 'twoFactorSecret' does not exist on type 'Document<unknown, object, IUser, {}, {}> & Omit<IUser & Required<{ _id: ObjectId; }> & { __v: number; }, keyof IUserMethods> & IUserMethods'.
src/app/modules/auth/twoFactor.module.ts(58,14): error TS2339: Property 'twoFactorExpiry' does not exist on type 'Document<unknown, object, IUser, {}, {}> & Omit<IUser & Required<{ _id: ObjectId; }> & { __v: number; }, keyof IUserMethods> & IUserMethods'.
src/app/modules/certificate/certificate.service.ts(43,36): error TS2339: Property 'instructor' does not exist on type 'Document<unknown, {}, ICourse, {}, {}> & ICourse & Required<{ _id: ObjectId; }> & { __v: number; }'.
src/app/modules/certificate/certificate.service.ts(43,76): error TS2339: Property 'instructor' does not exist on type 'Document<unknown, {}, ICourse, {}, {}> & ICourse & Required<{ _id: ObjectId; }> & { __v: number; }'.
src/app/modules/course/course.model.ts(238,24): error TS2790: The operand of a 'delete' operator must be optional.
src/app/modules/enrollment/enrollment.model.ts(93,24): error TS2790: The operand of a 'delete' operator must be optional.
src/app/modules/font/font.module.ts(197,105): error TS2345: Argument of type 'string | undefined' is not assignable to parameter of type 'string'.
  Type 'undefined' is not assignable to type 'string'.
src/app/modules/font/font.module.ts(200,120): error TS2345: Argument of type 'string | undefined' is not assignable to parameter of type 'string'.
  Type 'undefined' is not assignable to type 'string'.
src/app/modules/font/font.module.ts(201,105): error TS2345: Argument of type 'string | undefined' is not assignable to parameter of type 'string'.
  Type 'undefined' is not assignable to type 'string'.
src/app/modules/font/font.module.ts(202,164): error TS2345: Argument of type 'string | undefined' is not assignable to parameter of type 'string'.
  Type 'undefined' is not assignable to type 'string'.
src/app/modules/graphics/graphics.controller.ts(15,57): error TS2345: Argument of type 'string | undefined' is not assignable to parameter of type 'string'.
  Type 'undefined' is not assignable to type 'string'.
src/app/modules/graphics/graphics.controller.ts(68,61): error TS2345: Argument of type 'string | undefined' is not assignable to parameter of type 'string'.
  Type 'undefined' is not assignable to type 'string'.
src/app/modules/graphics/graphics.controller.ts(84,46): error TS2345: Argument of type 'string | undefined' is not assignable to parameter of type 'string'.
  Type 'undefined' is not assignable to type 'string'.
src/app/modules/graphics/graphics.controller.ts(99,62): error TS2345: Argument of type 'string | undefined' is not assignable to parameter of type 'string'.
  Type 'undefined' is not assignable to type 'string'.
src/app/modules/lesson/lesson.model.ts(392,24): error TS2790: The operand of a 'delete' operator must be optional.
src/app/modules/liveClass/liveClass.service.ts(97,21): error TS2322: Type '"live-class"' is not assignable to type '"user" | "course" | "order" | "enrollment" | "review" | "system" | "like" | "blog" | undefined'.
src/app/modules/order/order.module.ts(298,21): error TS2353: Object literal may only specify known properties, and 'userId' does not exist in type 'Partial<INotification>'.
src/app/modules/payment/stripe.module.ts(15,5): error TS2322: Type '"2024-12-18.acacia"' is not assignable to type '"2025-12-15.clover"'.
src/app/modules/photo/photo.module.ts(171,106): error TS2345: Argument of type 'string | undefined' is not assignable to parameter of type 'string'.
  Type 'undefined' is not assignable to type 'string'.
src/app/modules/photo/photo.module.ts(174,121): error TS2345: Argument of type 'string | undefined' is not assignable to parameter of type 'string'.
  Type 'undefined' is not assignable to type 'string'.
src/app/modules/photo/photo.module.ts(175,106): error TS2345: Argument of type 'string | undefined' is not assignable to parameter of type 'string'.
  Type 'undefined' is not assignable to type 'string'.
src/app/modules/photo/photo.module.ts(176,165): error TS2345: Argument of type 'string | undefined' is not assignable to parameter of type 'string'.
  Type 'undefined' is not assignable to type 'string'.
src/app/modules/uiKit/uiKit.module.ts(191,106): error TS2345: Argument of type 'string | undefined' is not assignable to parameter of type 'string'.
  Type 'undefined' is not assignable to type 'string'.
src/app/modules/uiKit/uiKit.module.ts(194,121): error TS2345: Argument of type 'string | undefined' is not assignable to parameter of type 'string'.
  Type 'undefined' is not assignable to type 'string'.
src/app/modules/uiKit/uiKit.module.ts(195,106): error TS2345: Argument of type 'string | undefined' is not assignable to parameter of type 'string'.
  Type 'undefined' is not assignable to type 'string'.
src/app/modules/uiKit/uiKit.module.ts(196,165): error TS2345: Argument of type 'string | undefined' is not assignable to parameter of type 'string'.
  Type 'undefined' is not assignable to type 'string'.
src/app/modules/user/user.model.ts(303,16): error TS2790: The operand of a 'delete' operator must be optional.
src/app/modules/user/user.model.ts(304,16): error TS2790: The operand of a 'delete' operator must be optional.
src/app/modules/videoTemplate/videoTemplate.module.ts(210,58): error TS2345: Argument of type 'string | undefined' is not assignable to parameter of type 'string'.
  Type 'undefined' is not assignable to type 'string'.
src/app/modules/videoTemplate/videoTemplate.module.ts(228,73): error TS2345: Argument of type 'string | undefined' is not assignable to parameter of type 'string'.
  Type 'undefined' is not assignable to type 'string'.
src/app/modules/videoTemplate/videoTemplate.module.ts(233,58): error TS2345: Argument of type 'string | undefined' is not assignable to parameter of type 'string'.
  Type 'undefined' is not assignable to type 'string'.
src/app/modules/videoTemplate/videoTemplate.module.ts(239,63): error TS2345: Argument of type 'string | undefined' is not assignable to parameter of type 'string'.
  Type 'undefined' is not assignable to type 'string'.
src/app/modules/webinar/webinar.route.ts(10,49): error TS2345: Argument of type '"instructor"' is not assignable to parameter of type 'TRole'.
src/scripts/migrate-website-stats.ts(16,37): error TS18048: 'mongoose.connection.db' is possibly 'undefined'.
src/scripts/migrate-website-stats.ts(35,38): error TS18048: 'mongoose.connection.db' is possibly 'undefined'.
src/scripts/seedAdmin.ts(23,33): error TS18048: 'db' is possibly 'undefined'.
src/scripts/seedBlogs.ts(24,33): error TS18048: 'db' is possibly 'undefined'.
src/scripts/seedBlogs.ts(25,33): error TS18048: 'db' is possibly 'undefined'.
src/scripts/seedBlogs.ts(26,38): error TS18048: 'db' is possibly 'undefined'.
src/seed.ts(9,25): error TS2307: Cannot find module './app/modules/graphic/graphic.model' or its corresponding type declarations.
src/seed.ts(10,31): error TS2307: Cannot find module './app/modules/videoTemplate/videoTemplate.model' or its corresponding type declarations.
src/seed.ts(11,23): error TS2307: Cannot find module './app/modules/uiKit/uiKit.model' or its corresponding type declarations.
src/seed.ts(12,29): error TS2307: Cannot find module './app/modules/appTemplate/appTemplate.model' or its corresponding type declarations.
src/seed.ts(13,23): error TS2307: Cannot find module './app/modules/audio/audio.model' or its corresponding type declarations.
src/seed.ts(14,23): error TS2307: Cannot find module './app/modules/photo/photo.model' or its corresponding type declarations.
src/seed.ts(15,22): error TS2307: Cannot find module './app/modules/font/font.model' or its corresponding type declarations.
